// Vitest Snapshot v1, https://vitest.dev/guide/snapshot.html

exports[`matches snapshot 1`] = `
<div>
  <div
    class="Snowman"
  >
    <img
      alt="2"
    />
    <p
      class="Snowman-n-wrong"
    >
      Number wrong: 
      2
    </p>
    <p>
      apple
    </p>
    <p>
      You Lose!
    </p>
    <button
      class="Snowman-restart"
    >
      Restart
    </button>
  </div>
</div>
`;
